<html>
<body>
<pre>
<h1>µVision Build Log</h1>
<h2>Tool Versions:</h2>
IDE-Version: ¦ÌVision V5.36.0.0
Copyright (C) 2021 ARM Ltd and ARM Germany GmbH. All rights reserved.
License Information: 2 3, 4, LIC=IK1BF-67BHU-HL3CL-09NXJ-R77GV-XMR1N
 
Tool Versions:
Toolchain:       MDK-ARM Plus  Version: 5.36.0.0
Toolchain Path:  E:\K5\ARM\ARMCLANG\Bin
C Compiler:      ArmClang.exe V6.16
Assembler:       Armasm.exe V6.16
Linker/Locator:  ArmLink.exe V6.16
Library Manager: ArmAr.exe V6.16
Hex Converter:   FromElf.exe V6.16
CPU DLL:         SARMCM3.DLL V5.36.0.0
Dialog DLL:      DCM.DLL V1.17.3.0
Target DLL:      Segger\JL2CM3.dll V2.99.40.0
Dialog DLL:      TCM.DLL V1.53.0.0
 
<h2>Project:</h2>
E:\K5\.Download\ING_SDK\sdk\examples\peripheral_throughput\peripheral_throughput.uvprojx
Project File Date:  01/11/2023

<h2>Output:</h2>
*** Using Compiler 'V6.16', folder: 'E:\K5\ARM\ARMCLANG\Bin'
Build target 'Target 1'
compiling board.c...
compiling peripheral_sysctrl.c...
compiling profile.c...
compiling main.c...
compiling rf_util.c...
compiling peripheral_gpio.c...
compiling peripheral_pinctrl.c...
compiling peripheral_uart.c...
linking...
Program Size: Code=2292 RO-data=1500 RW-data=0 ZI-data=28  
FromELF: creating hex file...
After Build - User command #1: fromelf.exe --bin -o peripheral_throughput.bin ./output/peripheral_throughput.axf
".\output\peripheral_throughput.axf" - 0 Error(s), 0 Warning(s).

<h2>Software Packages used:</h2>

Package Vendor: ARM
                http://www.keil.com/pack/ARM.CMSIS.5.8.0.pack
                ARM.CMSIS.5.8.0
                CMSIS (Common Microcontroller Software Interface Standard)
   * Component: CORE Version: 5.5.0

Package Vendor: INGChips
                http://www.ingchips.com/INGChips.INGCHIPS_DeviceFamilyPack.0.9.0.pack
                INGChips.INGCHIPS_DeviceFamilyPack.0.9.0
                INGChips ARM devices Device Family Pack with BSD license.

<h2>Collection of Component include folders:</h2>
  .\RTE\_Target_1
  E:\K5\ARM\CMSIS\5.8.0\CMSIS\Core\Include

<h2>Collection of Component Files used:</h2>

   * Component: ARM::CMSIS:CORE:5.5.0
Build Time Elapsed:  00:00:01
</pre>
</body>
</html>
