<!doctype html public "-//w3c//dtd html 4.0 transitional//en">
<html><head>
<title>Static Call Graph - [.\output\peripheral_throughput.axf]</title></head>
<body><HR>
<H1>Static Call Graph for image .\output\peripheral_throughput.axf</H1><HR>
<BR><P>#&#060CALLGRAPH&#062# ARM Linker, 6160001: Last Updated: Wed Jan 11 15:52:42 2023
<BR><P>
<H3>Maximum Stack Usage =        120 bytes + Unknown(Untraceable Function Pointers)</H3><H3>
Call chain for Maximum Stack Depth:</H3>
user_packet_handler &rArr; send_data
<P>
<H3>
Function Pointers
</H3><UL>
 <LI><a href="#[0]">Reset_Handler</a> from startup_ing91800.o(.text) referenced from startup_ing91800.o(RESET)
 <LI><a href="#[2]">__scatterload</a> from init.o(.text) referenced from startup_ing91800.o(.text)
 <LI><a href="#[3]">app_main</a> from main.o(.text.app_main) referenced from startup_ing91800.o(.text)
 <LI><a href="#[8]">att_read_callback</a> from profile.o(.text.att_read_callback) referenced 2 times from profile.o(.text.setup_profile)
 <LI><a href="#[9]">att_write_callback</a> from profile.o(.text.att_write_callback) referenced 2 times from profile.o(.text.setup_profile)
 <LI><a href="#[7]">cb_putc</a> from main.o(.text.cb_putc) referenced 2 times from main.o(.text.app_main)
 <LI><a href="#[1]">main</a> from startup_ing91800.o(.text) referenced from entry9a.o(.ARM.Collect$$$$0000000B)
 <LI><a href="#[5]">on_deep_sleep_wakeup</a> from main.o(.text.on_deep_sleep_wakeup) referenced 2 times from main.o(.text.app_main)
 <LI><a href="#[6]">query_deep_sleep_allowed</a> from main.o(.text.query_deep_sleep_allowed) referenced 2 times from main.o(.text.app_main)
 <LI><a href="#[4]">setup_profile</a> from profile.o(.text.setup_profile) referenced 2 times from main.o(.text.app_main)
 <LI><a href="#[a]">user_packet_handler</a> from profile.o(.text.user_packet_handler) referenced 2 times from profile.o(.text.setup_profile)
</UL>
<P>
<H3>
Global Symbols
</H3>
<P><STRONG><a name="[22]"></a>att_server_can_send_packet_now</STRONG> (Thumb, 0 bytes, Stack size 0 bytes, symdefs.m(ABSOLUTE))
<BR><BR>[Called By]<UL><LI><a href="#[20]">&gt;&gt;</a>&nbsp;&nbsp;&nbsp;send_data
</UL>

<P><STRONG><a name="[21]"></a>att_server_get_mtu</STRONG> (Thumb, 0 bytes, Stack size 0 bytes, symdefs.m(ABSOLUTE))
<BR><BR>[Called By]<UL><LI><a href="#[20]">&gt;&gt;</a>&nbsp;&nbsp;&nbsp;send_data
</UL>

<P><STRONG><a name="[27]"></a>att_server_init</STRONG> (Thumb, 0 bytes, Stack size 0 bytes, symdefs.m(ABSOLUTE))
<BR><BR>[Called By]<UL><LI><a href="#[4]">&gt;&gt;</a>&nbsp;&nbsp;&nbsp;setup_profile
</UL>

<P><STRONG><a name="[17]"></a>att_server_notify</STRONG> (Thumb, 0 bytes, Stack size 0 bytes, symdefs.m(ABSOLUTE))
<BR><BR>[Called By]<UL><LI><a href="#[20]">&gt;&gt;</a>&nbsp;&nbsp;&nbsp;send_data
<LI><a href="#[9]">&gt;&gt;</a>&nbsp;&nbsp;&nbsp;att_write_callback
</UL>

<P><STRONG><a name="[29]"></a>att_server_register_packet_handler</STRONG> (Thumb, 0 bytes, Stack size 0 bytes, symdefs.m(ABSOLUTE))
<BR><BR>[Called By]<UL><LI><a href="#[4]">&gt;&gt;</a>&nbsp;&nbsp;&nbsp;setup_profile
</UL>

<P><STRONG><a name="[18]"></a>att_server_request_can_send_now_event</STRONG> (Thumb, 0 bytes, Stack size 0 bytes, symdefs.m(ABSOLUTE))
<BR><BR>[Called By]<UL><LI><a href="#[20]">&gt;&gt;</a>&nbsp;&nbsp;&nbsp;send_data
<LI><a href="#[9]">&gt;&gt;</a>&nbsp;&nbsp;&nbsp;att_write_callback
</UL>

<P><STRONG><a name="[32]"></a>att_set_db</STRONG> (Thumb, 0 bytes, Stack size 0 bytes, symdefs.m(ABSOLUTE))
<BR><BR>[Called By]<UL><LI><a href="#[a]">&gt;&gt;</a>&nbsp;&nbsp;&nbsp;user_packet_handler
</UL>

<P><STRONG><a name="[2c]"></a>gap_set_adv_set_random_addr</STRONG> (Thumb, 0 bytes, Stack size 0 bytes, symdefs.m(ABSOLUTE))
<BR><BR>[Called By]<UL><LI><a href="#[a]">&gt;&gt;</a>&nbsp;&nbsp;&nbsp;user_packet_handler
</UL>

<P><STRONG><a name="[2e]"></a>gap_set_ext_adv_data</STRONG> (Thumb, 0 bytes, Stack size 0 bytes, symdefs.m(ABSOLUTE))
<BR><BR>[Called By]<UL><LI><a href="#[a]">&gt;&gt;</a>&nbsp;&nbsp;&nbsp;user_packet_handler
</UL>

<P><STRONG><a name="[30]"></a>gap_set_ext_adv_enable</STRONG> (Thumb, 0 bytes, Stack size 0 bytes, symdefs.m(ABSOLUTE))
<BR><BR>[Called By]<UL><LI><a href="#[a]">&gt;&gt;</a>&nbsp;&nbsp;&nbsp;user_packet_handler
</UL>

<P><STRONG><a name="[2d]"></a>gap_set_ext_adv_para</STRONG> (Thumb, 0 bytes, Stack size 0 bytes, symdefs.m(ABSOLUTE))
<BR><BR>[Called By]<UL><LI><a href="#[a]">&gt;&gt;</a>&nbsp;&nbsp;&nbsp;user_packet_handler
</UL>

<P><STRONG><a name="[2f]"></a>gap_set_ext_scan_response_data</STRONG> (Thumb, 0 bytes, Stack size 0 bytes, symdefs.m(ABSOLUTE))
<BR><BR>[Called By]<UL><LI><a href="#[a]">&gt;&gt;</a>&nbsp;&nbsp;&nbsp;user_packet_handler
</UL>

<P><STRONG><a name="[28]"></a>hci_add_event_handler</STRONG> (Thumb, 0 bytes, Stack size 0 bytes, symdefs.m(ABSOLUTE))
<BR><BR>[Called By]<UL><LI><a href="#[4]">&gt;&gt;</a>&nbsp;&nbsp;&nbsp;setup_profile
</UL>

<P><STRONG><a name="[1d]"></a>ll_hint_on_ce_len</STRONG> (Thumb, 0 bytes, Stack size 0 bytes, symdefs.m(ABSOLUTE))
<BR><BR>[Called By]<UL><LI><a href="#[1c]">&gt;&gt;</a>&nbsp;&nbsp;&nbsp;hint_ce_len
</UL>

<P><STRONG><a name="[16]"></a>platform_printf</STRONG> (Thumb, 0 bytes, Stack size 0 bytes, symdefs.m(ABSOLUTE))
<BR><BR>[Called By]<UL><LI><a href="#[a]">&gt;&gt;</a>&nbsp;&nbsp;&nbsp;user_packet_handler
<LI><a href="#[3]">&gt;&gt;</a>&nbsp;&nbsp;&nbsp;app_main
</UL>

<P><STRONG><a name="[14]"></a>platform_set_evt_callback</STRONG> (Thumb, 0 bytes, Stack size 0 bytes, symdefs.m(ABSOLUTE))
<BR><BR>[Called By]<UL><LI><a href="#[3]">&gt;&gt;</a>&nbsp;&nbsp;&nbsp;app_main
</UL>

<P><STRONG><a name="[1e]"></a>platform_set_rf_init_data</STRONG> (Thumb, 0 bytes, Stack size 0 bytes, symdefs.m(ABSOLUTE))
<BR><BR>[Called By]<UL><LI><a href="#[13]">&gt;&gt;</a>&nbsp;&nbsp;&nbsp;rf_enable_powerboost
</UL>

<P><STRONG><a name="[1f]"></a>platform_set_rf_power_mapping</STRONG> (Thumb, 0 bytes, Stack size 0 bytes, symdefs.m(ABSOLUTE))
<BR><BR>[Called By]<UL><LI><a href="#[13]">&gt;&gt;</a>&nbsp;&nbsp;&nbsp;rf_enable_powerboost
</UL>

<P><STRONG><a name="[b]"></a>__main</STRONG> (Thumb, 0 bytes, Stack size unknown bytes, entry.o(.ARM.Collect$$$$00000000))

<P><STRONG><a name="[36]"></a>_main_stk</STRONG> (Thumb, 0 bytes, Stack size unknown bytes, entry2.o(.ARM.Collect$$$$00000001))

<P><STRONG><a name="[c]"></a>_main_scatterload</STRONG> (Thumb, 0 bytes, Stack size unknown bytes, entry5.o(.ARM.Collect$$$$00000004))
<BR><BR>[Calls]<UL><LI><a href="#[2]">&gt;&gt;</a>&nbsp;&nbsp;&nbsp;__scatterload
</UL>

<P><STRONG><a name="[d]"></a>__main_after_scatterload</STRONG> (Thumb, 0 bytes, Stack size unknown bytes, entry5.o(.ARM.Collect$$$$00000004))
<BR><BR>[Called By]<UL><LI><a href="#[2]">&gt;&gt;</a>&nbsp;&nbsp;&nbsp;__scatterload
</UL>

<P><STRONG><a name="[37]"></a>_main_clock</STRONG> (Thumb, 0 bytes, Stack size unknown bytes, entry7b.o(.ARM.Collect$$$$00000008))

<P><STRONG><a name="[38]"></a>_main_cpp_init</STRONG> (Thumb, 0 bytes, Stack size unknown bytes, entry8b.o(.ARM.Collect$$$$0000000A))

<P><STRONG><a name="[39]"></a>_main_init</STRONG> (Thumb, 0 bytes, Stack size unknown bytes, entry9a.o(.ARM.Collect$$$$0000000B))

<P><STRONG><a name="[3a]"></a>__rt_final_cpp</STRONG> (Thumb, 0 bytes, Stack size unknown bytes, entry10a.o(.ARM.Collect$$$$0000000D))

<P><STRONG><a name="[3b]"></a>__rt_final_exit</STRONG> (Thumb, 0 bytes, Stack size unknown bytes, entry11a.o(.ARM.Collect$$$$0000000F))

<P><STRONG><a name="[0]"></a>Reset_Handler</STRONG> (Thumb, 6 bytes, Stack size 0 bytes, startup_ing91800.o(.text))
<BR>[Address Reference Count : 1]<UL><LI> startup_ing91800.o(RESET)
</UL>
<P><STRONG><a name="[1]"></a>main</STRONG> (Thumb, 6 bytes, Stack size 0 bytes, startup_ing91800.o(.text))
<BR>[Address Reference Count : 1]<UL><LI> entry9a.o(.ARM.Collect$$$$0000000B)
</UL>
<P><STRONG><a name="[2]"></a>__scatterload</STRONG> (Thumb, 28 bytes, Stack size 0 bytes, init.o(.text))
<BR><BR>[Calls]<UL><LI><a href="#[d]">&gt;&gt;</a>&nbsp;&nbsp;&nbsp;__main_after_scatterload
</UL>
<BR>[Called By]<UL><LI><a href="#[c]">&gt;&gt;</a>&nbsp;&nbsp;&nbsp;_main_scatterload
</UL>
<BR>[Address Reference Count : 1]<UL><LI> startup_ing91800.o(.text)
</UL>
<P><STRONG><a name="[3c]"></a>__scatterload_rt2</STRONG> (Thumb, 0 bytes, Stack size 0 bytes, init.o(.text), UNUSED)

<P><STRONG><a name="[e]"></a>GIO_ConfigIntSource</STRONG> (Thumb, 80 bytes, Stack size 16 bytes, peripheral_gpio.o(.text.GIO_ConfigIntSource))
<BR><BR>[Stack]<UL><LI>Max Depth = 28<LI>Call Chain = GIO_ConfigIntSource &rArr; GIO_MaskedWrite
</UL>
<BR>[Calls]<UL><LI><a href="#[f]">&gt;&gt;</a>&nbsp;&nbsp;&nbsp;GIO_MaskedWrite
</UL>
<BR>[Called By]<UL><LI><a href="#[23]">&gt;&gt;</a>&nbsp;&nbsp;&nbsp;setup_keys
</UL>

<P><STRONG><a name="[26]"></a>GIO_ReadValue</STRONG> (Thumb, 26 bytes, Stack size 4 bytes, peripheral_gpio.o(.text.GIO_ReadValue))
<BR><BR>[Stack]<UL><LI>Max Depth = 4<LI>Call Chain = GIO_ReadValue
</UL>
<BR>[Called By]<UL><LI><a href="#[15]">&gt;&gt;</a>&nbsp;&nbsp;&nbsp;setup_peripherals
</UL>

<P><STRONG><a name="[10]"></a>GIO_SetDirection</STRONG> (Thumb, 108 bytes, Stack size 16 bytes, peripheral_gpio.o(.text.GIO_SetDirection))
<BR><BR>[Stack]<UL><LI>Max Depth = 28<LI>Call Chain = GIO_SetDirection &rArr; GIO_MaskedWrite
</UL>
<BR>[Calls]<UL><LI><a href="#[f]">&gt;&gt;</a>&nbsp;&nbsp;&nbsp;GIO_MaskedWrite
</UL>
<BR>[Called By]<UL><LI><a href="#[23]">&gt;&gt;</a>&nbsp;&nbsp;&nbsp;setup_keys
</UL>

<P><STRONG><a name="[24]"></a>PINCTRL_SetPadMux</STRONG> (Thumb, 76 bytes, Stack size 12 bytes, peripheral_pinctrl.o(.text.PINCTRL_SetPadMux))
<BR><BR>[Stack]<UL><LI>Max Depth = 12<LI>Call Chain = PINCTRL_SetPadMux
</UL>
<BR>[Called By]<UL><LI><a href="#[23]">&gt;&gt;</a>&nbsp;&nbsp;&nbsp;setup_keys
</UL>

<P><STRONG><a name="[25]"></a>SYSCTRL_ClearClkGateMulti</STRONG> (Thumb, 22 bytes, Stack size 4 bytes, peripheral_sysctrl.o(.text.SYSCTRL_ClearClkGateMulti))
<BR><BR>[Stack]<UL><LI>Max Depth = 4<LI>Call Chain = SYSCTRL_ClearClkGateMulti
</UL>
<BR>[Called By]<UL><LI><a href="#[15]">&gt;&gt;</a>&nbsp;&nbsp;&nbsp;setup_peripherals
</UL>

<P><STRONG><a name="[1a]"></a>UART_SendData</STRONG> (Thumb, 20 bytes, Stack size 8 bytes, peripheral_uart.o(.text.UART_SendData))
<BR><BR>[Stack]<UL><LI>Max Depth = 8<LI>Call Chain = UART_SendData
</UL>
<BR>[Called By]<UL><LI><a href="#[7]">&gt;&gt;</a>&nbsp;&nbsp;&nbsp;cb_putc
</UL>

<P><STRONG><a name="[12]"></a>apUART_BaudRateSet</STRONG> (Thumb, 116 bytes, Stack size 24 bytes, peripheral_uart.o(.text.apUART_BaudRateSet))
<BR><BR>[Stack]<UL><LI>Max Depth = 24<LI>Call Chain = apUART_BaudRateSet
</UL>
<BR>[Called By]<UL><LI><a href="#[11]">&gt;&gt;</a>&nbsp;&nbsp;&nbsp;apUART_Initialize
</UL>

<P><STRONG><a name="[19]"></a>apUART_Check_TXFIFO_FULL</STRONG> (Thumb, 16 bytes, Stack size 4 bytes, peripheral_uart.o(.text.apUART_Check_TXFIFO_FULL))
<BR><BR>[Stack]<UL><LI>Max Depth = 4<LI>Call Chain = apUART_Check_TXFIFO_FULL
</UL>
<BR>[Called By]<UL><LI><a href="#[7]">&gt;&gt;</a>&nbsp;&nbsp;&nbsp;cb_putc
</UL>

<P><STRONG><a name="[11]"></a>apUART_Initialize</STRONG> (Thumb, 152 bytes, Stack size 24 bytes, peripheral_uart.o(.text.apUART_Initialize))
<BR><BR>[Stack]<UL><LI>Max Depth = 48<LI>Call Chain = apUART_Initialize &rArr; apUART_BaudRateSet
</UL>
<BR>[Calls]<UL><LI><a href="#[12]">&gt;&gt;</a>&nbsp;&nbsp;&nbsp;apUART_BaudRateSet
</UL>
<BR>[Called By]<UL><LI><a href="#[1b]">&gt;&gt;</a>&nbsp;&nbsp;&nbsp;config_uart
</UL>

<P><STRONG><a name="[3]"></a>app_main</STRONG> (Thumb, 140 bytes, Stack size 16 bytes, main.o(.text.app_main))
<BR><BR>[Stack]<UL><LI>Max Depth = 112<LI>Call Chain = app_main &rArr; setup_peripherals &rArr; config_uart &rArr; apUART_Initialize &rArr; apUART_BaudRateSet
</UL>
<BR>[Calls]<UL><LI><a href="#[15]">&gt;&gt;</a>&nbsp;&nbsp;&nbsp;setup_peripherals
<LI><a href="#[13]">&gt;&gt;</a>&nbsp;&nbsp;&nbsp;rf_enable_powerboost
<LI><a href="#[14]">&gt;&gt;</a>&nbsp;&nbsp;&nbsp;platform_set_evt_callback
<LI><a href="#[16]">&gt;&gt;</a>&nbsp;&nbsp;&nbsp;platform_printf
</UL>
<BR>[Address Reference Count : 1]<UL><LI> startup_ing91800.o(.text)
</UL>
<P><STRONG><a name="[7]"></a>cb_putc</STRONG> (Thumb, 48 bytes, Stack size 16 bytes, main.o(.text.cb_putc))
<BR><BR>[Stack]<UL><LI>Max Depth = 24<LI>Call Chain = cb_putc &rArr; UART_SendData
</UL>
<BR>[Calls]<UL><LI><a href="#[19]">&gt;&gt;</a>&nbsp;&nbsp;&nbsp;apUART_Check_TXFIFO_FULL
<LI><a href="#[1a]">&gt;&gt;</a>&nbsp;&nbsp;&nbsp;UART_SendData
</UL>
<BR>[Address Reference Count : 1]<UL><LI> main.o(.text.app_main)
</UL>
<P><STRONG><a name="[1b]"></a>config_uart</STRONG> (Thumb, 82 bytes, Stack size 40 bytes, main.o(.text.config_uart))
<BR><BR>[Stack]<UL><LI>Max Depth = 88<LI>Call Chain = config_uart &rArr; apUART_Initialize &rArr; apUART_BaudRateSet
</UL>
<BR>[Calls]<UL><LI><a href="#[11]">&gt;&gt;</a>&nbsp;&nbsp;&nbsp;apUART_Initialize
</UL>
<BR>[Called By]<UL><LI><a href="#[15]">&gt;&gt;</a>&nbsp;&nbsp;&nbsp;setup_peripherals
</UL>

<P><STRONG><a name="[5]"></a>on_deep_sleep_wakeup</STRONG> (Thumb, 18 bytes, Stack size 16 bytes, main.o(.text.on_deep_sleep_wakeup))
<BR><BR>[Stack]<UL><LI>Max Depth = 112<LI>Call Chain = on_deep_sleep_wakeup &rArr; setup_peripherals &rArr; config_uart &rArr; apUART_Initialize &rArr; apUART_BaudRateSet
</UL>
<BR>[Calls]<UL><LI><a href="#[15]">&gt;&gt;</a>&nbsp;&nbsp;&nbsp;setup_peripherals
</UL>
<BR>[Address Reference Count : 1]<UL><LI> main.o(.text.app_main)
</UL>
<P><STRONG><a name="[6]"></a>query_deep_sleep_allowed</STRONG> (Thumb, 12 bytes, Stack size 8 bytes, main.o(.text.query_deep_sleep_allowed))
<BR><BR>[Stack]<UL><LI>Max Depth = 8<LI>Call Chain = query_deep_sleep_allowed
</UL>
<BR>[Address Reference Count : 1]<UL><LI> main.o(.text.app_main)
</UL>
<P><STRONG><a name="[13]"></a>rf_enable_powerboost</STRONG> (Thumb, 28 bytes, Stack size 8 bytes, rf_util.o(.text.rf_enable_powerboost))
<BR><BR>[Stack]<UL><LI>Max Depth = 8<LI>Call Chain = rf_enable_powerboost
</UL>
<BR>[Calls]<UL><LI><a href="#[1f]">&gt;&gt;</a>&nbsp;&nbsp;&nbsp;platform_set_rf_power_mapping
<LI><a href="#[1e]">&gt;&gt;</a>&nbsp;&nbsp;&nbsp;platform_set_rf_init_data
</UL>
<BR>[Called By]<UL><LI><a href="#[3]">&gt;&gt;</a>&nbsp;&nbsp;&nbsp;app_main
</UL>

<P><STRONG><a name="[20]"></a>send_data</STRONG> (Thumb, 106 bytes, Stack size 16 bytes, profile.o(.text.send_data))
<BR><BR>[Stack]<UL><LI>Max Depth = 16<LI>Call Chain = send_data
</UL>
<BR>[Calls]<UL><LI><a href="#[18]">&gt;&gt;</a>&nbsp;&nbsp;&nbsp;att_server_request_can_send_now_event
<LI><a href="#[17]">&gt;&gt;</a>&nbsp;&nbsp;&nbsp;att_server_notify
<LI><a href="#[21]">&gt;&gt;</a>&nbsp;&nbsp;&nbsp;att_server_get_mtu
<LI><a href="#[22]">&gt;&gt;</a>&nbsp;&nbsp;&nbsp;att_server_can_send_packet_now
</UL>
<BR>[Called By]<UL><LI><a href="#[a]">&gt;&gt;</a>&nbsp;&nbsp;&nbsp;user_packet_handler
</UL>

<P><STRONG><a name="[23]"></a>setup_keys</STRONG> (Thumb, 80 bytes, Stack size 24 bytes, board.o(.text.setup_keys))
<BR><BR>[Stack]<UL><LI>Max Depth = 52<LI>Call Chain = setup_keys &rArr; GIO_SetDirection &rArr; GIO_MaskedWrite
</UL>
<BR>[Calls]<UL><LI><a href="#[24]">&gt;&gt;</a>&nbsp;&nbsp;&nbsp;PINCTRL_SetPadMux
<LI><a href="#[10]">&gt;&gt;</a>&nbsp;&nbsp;&nbsp;GIO_SetDirection
<LI><a href="#[e]">&gt;&gt;</a>&nbsp;&nbsp;&nbsp;GIO_ConfigIntSource
</UL>
<BR>[Called By]<UL><LI><a href="#[15]">&gt;&gt;</a>&nbsp;&nbsp;&nbsp;setup_peripherals
</UL>

<P><STRONG><a name="[15]"></a>setup_peripherals</STRONG> (Thumb, 54 bytes, Stack size 8 bytes, main.o(.text.setup_peripherals))
<BR><BR>[Stack]<UL><LI>Max Depth = 96<LI>Call Chain = setup_peripherals &rArr; config_uart &rArr; apUART_Initialize &rArr; apUART_BaudRateSet
</UL>
<BR>[Calls]<UL><LI><a href="#[23]">&gt;&gt;</a>&nbsp;&nbsp;&nbsp;setup_keys
<LI><a href="#[1b]">&gt;&gt;</a>&nbsp;&nbsp;&nbsp;config_uart
<LI><a href="#[25]">&gt;&gt;</a>&nbsp;&nbsp;&nbsp;SYSCTRL_ClearClkGateMulti
<LI><a href="#[26]">&gt;&gt;</a>&nbsp;&nbsp;&nbsp;GIO_ReadValue
</UL>
<BR>[Called By]<UL><LI><a href="#[5]">&gt;&gt;</a>&nbsp;&nbsp;&nbsp;on_deep_sleep_wakeup
<LI><a href="#[3]">&gt;&gt;</a>&nbsp;&nbsp;&nbsp;app_main
</UL>

<P><STRONG><a name="[4]"></a>setup_profile</STRONG> (Thumb, 64 bytes, Stack size 24 bytes, profile.o(.text.setup_profile))
<BR><BR>[Stack]<UL><LI>Max Depth = 24<LI>Call Chain = setup_profile
</UL>
<BR>[Calls]<UL><LI><a href="#[28]">&gt;&gt;</a>&nbsp;&nbsp;&nbsp;hci_add_event_handler
<LI><a href="#[29]">&gt;&gt;</a>&nbsp;&nbsp;&nbsp;att_server_register_packet_handler
<LI><a href="#[27]">&gt;&gt;</a>&nbsp;&nbsp;&nbsp;att_server_init
</UL>
<BR>[Address Reference Count : 1]<UL><LI> main.o(.text.app_main)
</UL>
<P><STRONG><a name="[3d]"></a>__scatterload_copy</STRONG> (Thumb, 14 bytes, Stack size unknown bytes, handlers.o(i.__scatterload_copy), UNUSED)

<P><STRONG><a name="[3e]"></a>__scatterload_null</STRONG> (Thumb, 2 bytes, Stack size unknown bytes, handlers.o(i.__scatterload_null), UNUSED)

<P><STRONG><a name="[3f]"></a>__scatterload_zeroinit</STRONG> (Thumb, 14 bytes, Stack size unknown bytes, handlers.o(i.__scatterload_zeroinit), UNUSED)
<P>
<H3>
Local Symbols
</H3>
<P><STRONG><a name="[33]"></a>att_event_mtu_exchange_complete_get_MTU</STRONG> (Thumb, 12 bytes, Stack size 4 bytes, profile.o(.text.att_event_mtu_exchange_complete_get_MTU))
<BR><BR>[Stack]<UL><LI>Max Depth = 4<LI>Call Chain = att_event_mtu_exchange_complete_get_MTU
</UL>
<BR>[Called By]<UL><LI><a href="#[a]">&gt;&gt;</a>&nbsp;&nbsp;&nbsp;user_packet_handler
</UL>

<P><STRONG><a name="[8]"></a>att_read_callback</STRONG> (Thumb, 90 bytes, Stack size 24 bytes, profile.o(.text.att_read_callback))
<BR><BR>[Stack]<UL><LI>Max Depth = 24<LI>Call Chain = att_read_callback
</UL>
<BR>[Address Reference Count : 1]<UL><LI> profile.o(.text.setup_profile)
</UL>
<P><STRONG><a name="[9]"></a>att_write_callback</STRONG> (Thumb, 218 bytes, Stack size 32 bytes, profile.o(.text.att_write_callback))
<BR><BR>[Stack]<UL><LI>Max Depth = 32<LI>Call Chain = att_write_callback
</UL>
<BR>[Calls]<UL><LI><a href="#[18]">&gt;&gt;</a>&nbsp;&nbsp;&nbsp;att_server_request_can_send_now_event
<LI><a href="#[17]">&gt;&gt;</a>&nbsp;&nbsp;&nbsp;att_server_notify
</UL>
<BR>[Address Reference Count : 1]<UL><LI> profile.o(.text.setup_profile)
</UL>
<P><STRONG><a name="[2b]"></a>btstack_event_state_get_state</STRONG> (Thumb, 12 bytes, Stack size 4 bytes, profile.o(.text.btstack_event_state_get_state))
<BR><BR>[Stack]<UL><LI>Max Depth = 4<LI>Call Chain = btstack_event_state_get_state
</UL>
<BR>[Called By]<UL><LI><a href="#[a]">&gt;&gt;</a>&nbsp;&nbsp;&nbsp;user_packet_handler
</UL>

<P><STRONG><a name="[31]"></a>hci_event_le_meta_get_subevent_code</STRONG> (Thumb, 12 bytes, Stack size 4 bytes, profile.o(.text.hci_event_le_meta_get_subevent_code))
<BR><BR>[Stack]<UL><LI>Max Depth = 4<LI>Call Chain = hci_event_le_meta_get_subevent_code
</UL>
<BR>[Called By]<UL><LI><a href="#[a]">&gt;&gt;</a>&nbsp;&nbsp;&nbsp;user_packet_handler
</UL>

<P><STRONG><a name="[2a]"></a>hci_event_packet_get_type</STRONG> (Thumb, 12 bytes, Stack size 4 bytes, profile.o(.text.hci_event_packet_get_type))
<BR><BR>[Stack]<UL><LI>Max Depth = 4<LI>Call Chain = hci_event_packet_get_type
</UL>
<BR>[Called By]<UL><LI><a href="#[a]">&gt;&gt;</a>&nbsp;&nbsp;&nbsp;user_packet_handler
</UL>

<P><STRONG><a name="[34]"></a>hci_event_packet_get_user_msg</STRONG> (Thumb, 12 bytes, Stack size 4 bytes, profile.o(.text.hci_event_packet_get_user_msg))
<BR><BR>[Stack]<UL><LI>Max Depth = 4<LI>Call Chain = hci_event_packet_get_user_msg
</UL>
<BR>[Called By]<UL><LI><a href="#[a]">&gt;&gt;</a>&nbsp;&nbsp;&nbsp;user_packet_handler
</UL>

<P><STRONG><a name="[1c]"></a>hint_ce_len</STRONG> (Thumb, 50 bytes, Stack size 16 bytes, profile.o(.text.hint_ce_len))
<BR><BR>[Stack]<UL><LI>Max Depth = 16<LI>Call Chain = hint_ce_len
</UL>
<BR>[Calls]<UL><LI><a href="#[1d]">&gt;&gt;</a>&nbsp;&nbsp;&nbsp;ll_hint_on_ce_len
</UL>
<BR>[Called By]<UL><LI><a href="#[a]">&gt;&gt;</a>&nbsp;&nbsp;&nbsp;user_packet_handler
</UL>

<P><STRONG><a name="[35]"></a>user_msg_handler</STRONG> (Thumb, 16 bytes, Stack size 12 bytes, profile.o(.text.user_msg_handler))
<BR><BR>[Stack]<UL><LI>Max Depth = 12<LI>Call Chain = user_msg_handler
</UL>
<BR>[Called By]<UL><LI><a href="#[a]">&gt;&gt;</a>&nbsp;&nbsp;&nbsp;user_packet_handler
</UL>

<P><STRONG><a name="[a]"></a>user_packet_handler</STRONG> (Thumb, 430 bytes, Stack size 104 bytes, profile.o(.text.user_packet_handler))
<BR><BR>[Stack]<UL><LI>Max Depth = 120<LI>Call Chain = user_packet_handler &rArr; send_data
</UL>
<BR>[Calls]<UL><LI><a href="#[20]">&gt;&gt;</a>&nbsp;&nbsp;&nbsp;send_data
<LI><a href="#[2f]">&gt;&gt;</a>&nbsp;&nbsp;&nbsp;gap_set_ext_scan_response_data
<LI><a href="#[2d]">&gt;&gt;</a>&nbsp;&nbsp;&nbsp;gap_set_ext_adv_para
<LI><a href="#[30]">&gt;&gt;</a>&nbsp;&nbsp;&nbsp;gap_set_ext_adv_enable
<LI><a href="#[2e]">&gt;&gt;</a>&nbsp;&nbsp;&nbsp;gap_set_ext_adv_data
<LI><a href="#[2c]">&gt;&gt;</a>&nbsp;&nbsp;&nbsp;gap_set_adv_set_random_addr
<LI><a href="#[32]">&gt;&gt;</a>&nbsp;&nbsp;&nbsp;att_set_db
<LI><a href="#[35]">&gt;&gt;</a>&nbsp;&nbsp;&nbsp;user_msg_handler
<LI><a href="#[1c]">&gt;&gt;</a>&nbsp;&nbsp;&nbsp;hint_ce_len
<LI><a href="#[34]">&gt;&gt;</a>&nbsp;&nbsp;&nbsp;hci_event_packet_get_user_msg
<LI><a href="#[2a]">&gt;&gt;</a>&nbsp;&nbsp;&nbsp;hci_event_packet_get_type
<LI><a href="#[31]">&gt;&gt;</a>&nbsp;&nbsp;&nbsp;hci_event_le_meta_get_subevent_code
<LI><a href="#[2b]">&gt;&gt;</a>&nbsp;&nbsp;&nbsp;btstack_event_state_get_state
<LI><a href="#[33]">&gt;&gt;</a>&nbsp;&nbsp;&nbsp;att_event_mtu_exchange_complete_get_MTU
<LI><a href="#[16]">&gt;&gt;</a>&nbsp;&nbsp;&nbsp;platform_printf
</UL>
<BR>[Address Reference Count : 1]<UL><LI> profile.o(.text.setup_profile)
</UL>
<P><STRONG><a name="[f]"></a>GIO_MaskedWrite</STRONG> (Thumb, 50 bytes, Stack size 12 bytes, peripheral_gpio.o(.text.GIO_MaskedWrite))
<BR><BR>[Stack]<UL><LI>Max Depth = 12<LI>Call Chain = GIO_MaskedWrite
</UL>
<BR>[Called By]<UL><LI><a href="#[10]">&gt;&gt;</a>&nbsp;&nbsp;&nbsp;GIO_SetDirection
<LI><a href="#[e]">&gt;&gt;</a>&nbsp;&nbsp;&nbsp;GIO_ConfigIntSource
</UL>
<P>
<H3>
Undefined Global Symbols
</H3><HR></body></html>
